[htmldemo.net/merier/merier/index.html]
[backblue.gif]
[fade.gif]
[index.html]
[htmldemo.net/merier/merier/assets/images/favicon.png]
[htmldemo.net/merier/merier/assets/css/vendor/bootstrap.min.css]
[htmldemo.net/merier/merier/assets/css/plugins/swiper-bundle.min.css]
[htmldemo.net/merier/merier/assets/css/plugins/font-awesome.min.css]
[htmldemo.net/merier/merier/assets/css/plugins/fancybox.min.css]
[htmldemo.net/merier/merier/assets/css/plugins/nice-select.css]
[htmldemo.net/merier/merier/assets/css/style.css]
[htmldemo.net/merier/merier/assets/images/logo.png]
[htmldemo.net/merier/merier/index-two.html]
[htmldemo.net/merier/merier/shop.html]
[htmldemo.net/merier/merier/shop-four-columns.html]
[htmldemo.net/merier/merier/shop-left-sidebar.html]
[htmldemo.net/merier/merier/shop-single-product.html]
[htmldemo.net/merier/merier/shop-right-sidebar.html]
[htmldemo.net/merier/merier/shop-single-product-variable.html]
[htmldemo.net/merier/merier/shop-single-product-group.html]
[htmldemo.net/merier/merier/shop-single-product-affiliate.html]
[htmldemo.net/merier/merier/shop-cart.html]
[htmldemo.net/merier/merier/shop-checkout.html]
[htmldemo.net/merier/merier/shop-wishlist.html]
[htmldemo.net/merier/merier/shop-compare.html]
[htmldemo.net/merier/merier/about-us.html]
[htmldemo.net/merier/merier/account.html]
[htmldemo.net/merier/merier/login-register.html]
[htmldemo.net/merier/merier/page-not-found.html]
[htmldemo.net/merier/merier/contact.html]
[htmldemo.net/merier/merier/blog.html]
[htmldemo.net/merier/merier/blog-left-sidebar.html]
[htmldemo.net/merier/merier/blog-right-sidebar.html]
[htmldemo.net/merier/merier/blog-details-left-sidebar.html]
[htmldemo.net/merier/merier/blog-details.html]
[htmldemo.net/merier/merier/blog-details-right-sidebar.html]
[htmldemo.net/merier/merier/assets/images/slider/shape1.png]
[htmldemo.net/merier/merier/assets/images/slider/slider1.png]
[htmldemo.net/merier/merier/assets/images/slider/slider1-man2.png]
[htmldemo.net/merier/merier/assets/images/shop/banner/01.png]
[htmldemo.net/merier/merier/assets/images/shop/banner/02.png]
[htmldemo.net/merier/merier/assets/images/shop/banner/03.png]
[htmldemo.net/merier/merier/assets/images/shop/1.png]
[htmldemo.net/merier/merier/assets/images/shop/2.png]
[htmldemo.net/merier/merier/assets/images/shop/3.png]
[htmldemo.net/merier/merier/assets/images/shop/4.png]
[htmldemo.net/merier/merier/assets/images/shop/5.png]
[htmldemo.net/merier/merier/assets/images/shop/6.png]
[htmldemo.net/merier/merier/assets/images/shop/banner/d1.png]
[htmldemo.net/merier/merier/assets/images/shop/banner/d2.png]
[htmldemo.net/merier/merier/assets/images/shop/7.png]
[htmldemo.net/merier/merier/assets/images/shop/8.png]
[htmldemo.net/merier/merier/assets/images/shop/9.png]
[htmldemo.net/merier/merier/assets/images/shop/banner/c1.jpg]
[htmldemo.net/merier/merier/assets/images/shop/banner/c2.jpg]
[htmldemo.net/merier/merier/assets/images/shop/banner/c3.png]
[htmldemo.net/merier/merier/assets/images/shop/banner/c4.jpg]
[htmldemo.net/merier/merier/assets/images/blog/1.png]
[htmldemo.net/merier/merier/assets/images/blog/author01.png]
[htmldemo.net/merier/merier/assets/images/blog/2.png]
[htmldemo.net/merier/merier/assets/images/blog/author02.png]
[htmldemo.net/merier/merier/assets/images/photos/bg1.jpg]
[htmldemo.net/merier/merier/assets/images/shop/payment.png]
[htmldemo.net/merier/merier/assets/images/shop/details/m1.jpg]
[htmldemo.net/merier/merier/assets/images/shop/details/m2.jpg]
[htmldemo.net/merier/merier/assets/images/shop/details/m3.jpg]
[htmldemo.net/merier/merier/assets/images/shop/modal1.jpg]
[htmldemo.net/merier/merier/single-product.html]
[htmldemo.net/merier/merier/assets/images/shop/s1.jpg]
[htmldemo.net/merier/merier/assets/images/shop/s2.jpg]
[htmldemo.net/merier/merier/assets/js/vendor/modernizr-3.11.7.min.js]
[htmldemo.net/merier/merier/assets/js/vendor/jquery-3.6.0.min.js]
[htmldemo.net/merier/merier/assets/js/vendor/jquery-migrate-3.3.2.min.js]
[htmldemo.net/merier/merier/assets/js/vendor/bootstrap.bundle.min.js]
[htmldemo.net/merier/merier/assets/js/plugins/swiper-bundle.min.js]
[htmldemo.net/merier/merier/assets/js/plugins/fancybox.min.js]
[htmldemo.net/merier/merier/assets/js/plugins/jquery.nice-select.min.js]
[htmldemo.net/merier/merier/index.html]
[htmldemo.net/merier/merier/assets/css/vendor/bootstrap.min.css]
[htmldemo.net/merier/merier/assets/css/plugins/swiper-bundle.min.css]
[htmldemo.net/merier/merier/assets/js/main.js]
[htmldemo.net/merier/merier/assets/fonts/fontawesome-webfont3e6e.eot]
[htmldemo.net/merier/merier/assets/fonts/fontawesome-webfont3e6e.woff2]
[htmldemo.net/merier/merier/assets/fonts/fontawesome-webfontd41d.eot]
[htmldemo.net/merier/merier/assets/fonts/fontawesome-webfont3e6e.woff]
[htmldemo.net/merier/merier/assets/fonts/fontawesome-webfont3e6e.ttf]
[htmldemo.net/merier/merier/assets/css/plugins/font-awesome.min.css]
[htmldemo.net/merier/merier/assets/css/plugins/fancybox.min.css]
[htmldemo.net/merier/merier/assets/css/plugins/nice-select.css]
[htmldemo.net/merier/merier/assets/images/icons/cancel-white.png]
[htmldemo.net/merier/merier/assets/css/style.css]
[htmldemo.net/merier/merier/assets/images/logo-light.png]
[htmldemo.net/merier/merier/assets/fonts/fontawesome-webfont3e6e.svg]
[htmldemo.net/merier/merier/assets/images/slider/slider1-bg1.jpg]
[htmldemo.net/merier/merier/assets/images/slider/shape-polygon1.png]
[htmldemo.net/merier/merier/assets/images/slider/slider2-bg1.jpg]
[htmldemo.net/merier/merier/assets/images/slider/slider2-product1.png]
[htmldemo.net/merier/merier/assets/images/shop/10.jpg]
[htmldemo.net/merier/merier/assets/images/shop/11.jpg]
[htmldemo.net/merier/merier/assets/images/shop/12.jpg]
[htmldemo.net/merier/merier/assets/images/shop/banner/04.jpg]
[htmldemo.net/merier/merier/assets/images/shop/banner/05.jpg]
[htmldemo.net/merier/merier/assets/images/shop/banner/06.jpg]
[htmldemo.net/merier/merier/assets/images/shop/banner/07.jpg]
[htmldemo.net/merier/merier/assets/images/shop/13.png]
[htmldemo.net/merier/merier/assets/images/shop/14.jpg]
[htmldemo.net/merier/merier/assets/images/shop/15.jpg]
[htmldemo.net/merier/merier/assets/images/shop/16.jpg]
[htmldemo.net/merier/merier/assets/images/shop/17.jpg]
[htmldemo.net/merier/merier/assets/images/shop/18.jpg]
[htmldemo.net/merier/merier/assets/images/shop/category/01.png]
[htmldemo.net/merier/merier/assets/images/shop/category/02.png]
[htmldemo.net/merier/merier/assets/images/shop/category/03.png]
[htmldemo.net/merier/merier/index-two.html]
[htmldemo.net/merier/merier/assets/css/plugins/range-slider.css]
[htmldemo.net/merier/merier/assets/images/shop/category/c1.png]
[htmldemo.net/merier/merier/assets/images/shop/category/c2.png]
[htmldemo.net/merier/merier/assets/images/shop/category/c3.png]
[htmldemo.net/merier/merier/assets/images/shop/category/c4.png]
[htmldemo.net/merier/merier/assets/images/shop/category/c5.png]
[htmldemo.net/merier/merier/assets/images/shop/category/c6.png]
[htmldemo.net/merier/merier/assets/images/shop/19.jpg]
[htmldemo.net/merier/merier/assets/images/shop/20.jpg]
[htmldemo.net/merier/merier/assets/images/shop/21.jpg]
[htmldemo.net/merier/merier/assets/images/shop/22.jpg]
[htmldemo.net/merier/merier/assets/images/shop/23.jpg]
[htmldemo.net/merier/merier/assets/images/shop/24.jpg]
[htmldemo.net/merier/merier/shop.html]
[htmldemo.net/merier/merier/shop-four-columns.html]
[htmldemo.net/merier/merier/assets/js/plugins/range-slider.js]
[htmldemo.net/merier/merier/assets/images/icons/search.png]
[htmldemo.net/merier/merier/assets/images/shop/w1.jpg]
[htmldemo.net/merier/merier/assets/images/shop/w2.jpg]
[htmldemo.net/merier/merier/assets/images/shop/w3.jpg]
[htmldemo.net/merier/merier/assets/images/shop/w4.jpg]
[htmldemo.net/merier/merier/assets/images/icons/mail.png]
[htmldemo.net/merier/merier/assets/images/shop/banner/w1.jpg]
[htmldemo.net/merier/merier/shop-left-sidebar.html]
[htmldemo.net/merier/merier/shop-right-sidebar.html]
[htmldemo.net/merier/merier/assets/images/shop/details/1.png]
[htmldemo.net/merier/merier/assets/images/shop/details/2.png]
[htmldemo.net/merier/merier/assets/images/shop/details/3.png]
[htmldemo.net/merier/merier/assets/images/shop/details/nav1.jpg]
[htmldemo.net/merier/merier/assets/images/shop/details/nav2.jpg]
[htmldemo.net/merier/merier/assets/images/shop/details/nav3.jpg]
[htmldemo.net/merier/merier/assets/images/shop/details/c1.png]
[htmldemo.net/merier/merier/assets/images/shop/details/c2.png]
[htmldemo.net/merier/merier/assets/images/shop/details/c3.png]
[htmldemo.net/merier/merier/shop-single-product.html]
[htmldemo.net/merier/merier/shop-single-product-variable.html]
[htmldemo.net/merier/merier/shop-single-product-group.html]
[htmldemo.net/merier/merier/shop-single-product-affiliate.html]
[htmldemo.net/merier/merier/shop-cart.html]
[htmldemo.net/merier/merier/assets/images/photos/paypal.png]
[htmldemo.net/merier/merier/shop-checkout.html]
[htmldemo.net/merier/merier/shop-wishlist.html]
[htmldemo.net/merier/merier/shop-compare.html]
[htmldemo.net/merier/merier/assets/images/photos/about1.png]
[htmldemo.net/merier/merier/assets/images/icons/f1.png]
[htmldemo.net/merier/merier/assets/images/icons/f2.png]
[htmldemo.net/merier/merier/assets/images/icons/f3.png]
[htmldemo.net/merier/merier/assets/images/icons/f4.png]
[htmldemo.net/merier/merier/assets/images/brand-logo/1.png]
[htmldemo.net/merier/merier/assets/images/brand-logo/2.png]
[htmldemo.net/merier/merier/assets/images/brand-logo/3.png]
[htmldemo.net/merier/merier/assets/images/brand-logo/4.png]
[htmldemo.net/merier/merier/assets/images/brand-logo/5.png]
[htmldemo.net/merier/merier/assets/images/photos/about2.png]
[htmldemo.net/merier/merier/assets/images/icons/ft1.png]
[htmldemo.net/merier/merier/assets/images/icons/ft2.png]
[htmldemo.net/merier/merier/assets/images/icons/ft3.png]
[htmldemo.net/merier/merier/assets/images/icons/ft4.png]
[htmldemo.net/merier/merier/assets/images/icons/ft5.png]
[htmldemo.net/merier/merier/assets/images/icons/ft6.png]
[htmldemo.net/merier/merier/assets/images/photos/about3.jpg]
[htmldemo.net/merier/merier/about-us.html]
[htmldemo.net/merier/merier/account.html]
[htmldemo.net/merier/merier/login-register.html]
[htmldemo.net/merier/merier/page-not-found.html]
[htmldemo.net/merier/merier/assets/images/photos/contact1.png]
[htmldemo.net/merier/merier/contact.html]
[htmldemo.net/merier/merier/assets/images/blog/9.jpg]
[htmldemo.net/merier/merier/assets/images/blog/3.jpg]
[htmldemo.net/merier/merier/assets/images/blog/author03.png]
[htmldemo.net/merier/merier/assets/images/blog/4.jpg]
[htmldemo.net/merier/merier/assets/images/blog/author04.png]
[htmldemo.net/merier/merier/assets/images/blog/5.jpg]
[htmldemo.net/merier/merier/assets/images/blog/author05.png]
[htmldemo.net/merier/merier/assets/images/blog/6.jpg]
[htmldemo.net/merier/merier/assets/images/blog/author06.png]
[htmldemo.net/merier/merier/assets/images/blog/7.jpg]
[htmldemo.net/merier/merier/assets/images/blog/author07.png]
[htmldemo.net/merier/merier/assets/images/blog/8.jpg]
[htmldemo.net/merier/merier/assets/images/blog/author08.png]
[htmldemo.net/merier/merier/blog.html]
[htmldemo.net/merier/merier/assets/images/blog/w1.jpg]
[htmldemo.net/merier/merier/assets/images/blog/w2.jpg]
[htmldemo.net/merier/merier/assets/images/blog/w3.jpg]
[htmldemo.net/merier/merier/assets/images/blog/w4.jpg]
[htmldemo.net/merier/merier/blog-left-sidebar.html]
[htmldemo.net/merier/merier/blog-right-sidebar.html]
[htmldemo.net/merier/merier/assets/images/blog/d1.jpg]
[htmldemo.net/merier/merier/assets/images/icons/quote.png]
[htmldemo.net/merier/merier/assets/images/blog/ds1.jpg]
[htmldemo.net/merier/merier/assets/images/blog/bs1.jpg]
[htmldemo.net/merier/merier/assets/images/blog/bs2.jpg]
[htmldemo.net/merier/merier/blog-details.html]
[htmldemo.net/merier/merier/assets/images/blog/d2.jpg]
[htmldemo.net/merier/merier/assets/images/blog/ds2.jpg]
[htmldemo.net/merier/merier/blog-details-left-sidebar.html]
[htmldemo.net/merier/merier/blog-details-right-sidebar.html]
[htmldemo.net/merier/merier/single-product.html]
[htmldemo.net/merier/merier/assets/fonts/fontawesome-webfont3e6e.svg]
[htmldemo.net/merier/merier/assets/css/plugins/range-slider.css]
